html:form|FORM|false
html:text|TEXT_INPUT|false
html:password|TEXT_INPUT|false
html:textarea|TEXTAREA|false
html:select|SELECT|false
html:checkbox|CHECKBOX|false
html:multibox|MULTI_SELECT|false
html:radio|RADIO|false
html:file|FILE_INPUT|false
html:hidden|OTHER|false
html:submit|SUBMIT|false
html:button|BUTTON|false
html:cancel|SUBMIT|false
html:reset|BUTTON|false
html:link|LINK|false
form:form|FORM|false
form:input|TEXT_INPUT|false
form:password|TEXT_INPUT|false
form:textarea|TEXTAREA|false
form:select|SELECT|false
form:select|MULTI_SELECT|false
form:checkbox|CHECKBOX|false
form:checkboxes|MULTI_SELECT|false
form:radiobutton|RADIO|false
form:radiobuttons|RADIO|false
form:hidden|OTHER|false
form:button|SUBMIT|false
input|TEXT_INPUT|true
input|TEXT_INPUT|true
div|MODAL|false
div|MODAL|false
dialog|MODAL|false
button|BUTTON|false
button|BUTTON|false
custom:selector|OTHER|false
